2026-07-29 21:15:18: [31m[auth][error][0m CredentialsSignin: Read more at https://errors.authjs.dev#credentialssignin
2026-07-29 21:15:18:     at ak (D:\Project\interview-coach\.next\server\chunks\_1w83njy._.js:404:41125)
2026-07-29 21:15:18:     at async aO (D:\Project\interview-coach\.next\server\chunks\_1w83njy._.js:404:50723)
2026-07-29 21:15:18:     at async a$ (D:\Project\interview-coach\.next\server\chunks\_1w83njy._.js:404:54973)
2026-07-29 21:15:18:     at async rQ.do (D:\Project\interview-coach\node_modules\next\dist\compiled\next-server\app-route-turbo.runtime.prod.js:5:21003)
2026-07-29 21:15:18:     at async rQ.handle (D:\Project\interview-coach\node_modules\next\dist\compiled\next-server\app-route-turbo.runtime.prod.js:5:25858)
2026-07-29 21:15:18:     at async l (D:\Project\interview-coach\.next\server\chunks\[root-of-the-server]__00jdpxu._.js:1:4804)
2026-07-29 21:15:18:     at async rQ.handleResponse (D:\Project\interview-coach\node_modules\next\dist\compiled\next-server\app-route-turbo.runtime.prod.js:1:120216)
2026-07-29 21:15:18:     at async o (D:\Project\interview-coach\.next\server\chunks\[root-of-the-server]__00jdpxu._.js:1:5845)
2026-07-29 21:15:18:     at async Module.b [as handler] (D:\Project\interview-coach\.next\server\chunks\[root-of-the-server]__00jdpxu._.js:1:6952)
2026-07-29 21:15:18:     at async NextNodeServer.renderToResponseWithComponentsImpl (D:\Project\interview-coach\node_modules\next\dist\server\base-server.js:1462:9)
2026-07-29 21:15:25: [31m[auth][error][0m CredentialsSignin: Read more at https://errors.authjs.dev#credentialssignin
2026-07-29 21:15:25:     at ak (D:\Project\interview-coach\.next\server\chunks\_1w83njy._.js:404:41125)
2026-07-29 21:15:25:     at async aO (D:\Project\interview-coach\.next\server\chunks\_1w83njy._.js:404:50723)
2026-07-29 21:15:25:     at async a$ (D:\Project\interview-coach\.next\server\chunks\_1w83njy._.js:404:54973)
2026-07-29 21:15:25:     at async rQ.do (D:\Project\interview-coach\node_modules\next\dist\compiled\next-server\app-route-turbo.runtime.prod.js:5:21003)
2026-07-29 21:15:25:     at async rQ.handle (D:\Project\interview-coach\node_modules\next\dist\compiled\next-server\app-route-turbo.runtime.prod.js:5:25858)
2026-07-29 21:15:25:     at async l (D:\Project\interview-coach\.next\server\chunks\[root-of-the-server]__00jdpxu._.js:1:4804)
2026-07-29 21:15:25:     at async rQ.handleResponse (D:\Project\interview-coach\node_modules\next\dist\compiled\next-server\app-route-turbo.runtime.prod.js:1:120216)
2026-07-29 21:15:25:     at async o (D:\Project\interview-coach\.next\server\chunks\[root-of-the-server]__00jdpxu._.js:1:5845)
2026-07-29 21:15:25:     at async Module.b [as handler] (D:\Project\interview-coach\.next\server\chunks\[root-of-the-server]__00jdpxu._.js:1:6952)
2026-07-29 21:15:25:     at async NextNodeServer.renderToResponseWithComponentsImpl (D:\Project\interview-coach\node_modules\next\dist\server\base-server.js:1462:9)
2026-07-29 21:15:39: [31m[auth][error][0m MissingCSRF: CSRF token was missing during an action callback. Read more at https://errors.authjs.dev#missingcsrf
2026-07-29 21:15:39:     at ro (D:\Project\interview-coach\.next\server\chunks\_1w83njy._.js:1:82553)
2026-07-29 21:15:39:     at aO (D:\Project\interview-coach\.next\server\chunks\_1w83njy._.js:404:50715)
2026-07-29 21:15:39:     at async a$ (D:\Project\interview-coach\.next\server\chunks\_1w83njy._.js:404:54973)
2026-07-29 21:15:39:     at async rQ.do (D:\Project\interview-coach\node_modules\next\dist\compiled\next-server\app-route-turbo.runtime.prod.js:5:21003)
2026-07-29 21:15:39:     at async rQ.handle (D:\Project\interview-coach\node_modules\next\dist\compiled\next-server\app-route-turbo.runtime.prod.js:5:25858)
2026-07-29 21:15:39:     at async l (D:\Project\interview-coach\.next\server\chunks\[root-of-the-server]__00jdpxu._.js:1:4804)
2026-07-29 21:15:39:     at async rQ.handleResponse (D:\Project\interview-coach\node_modules\next\dist\compiled\next-server\app-route-turbo.runtime.prod.js:1:120216)
2026-07-29 21:15:39:     at async o (D:\Project\interview-coach\.next\server\chunks\[root-of-the-server]__00jdpxu._.js:1:5845)
2026-07-29 21:15:39:     at async Module.b [as handler] (D:\Project\interview-coach\.next\server\chunks\[root-of-the-server]__00jdpxu._.js:1:6952)
2026-07-29 21:15:39:     at async NextNodeServer.renderToResponseWithComponentsImpl (D:\Project\interview-coach\node_modules\next\dist\server\base-server.js:1462:9)
